Archive member included to satisfy reference by file (symbol)

C:/ST/STM32CubeIDE_1.16.0/STM32CubeIDE/plugins/com.st.stm32cube.ide.mcu.externaltools.gnu-tools-for-stm32.12.3.rel1.win32_1.0.200.202406191623/tools/bin/../lib/gcc/arm-none-eabi/12.3.1/../../../../arm-none-eabi/lib/thumb/v7-m/nofp\libc_nano.a(libc_a-exit.o)
                              C:/ST/STM32CubeIDE_1.16.0/STM32CubeIDE/plugins/com.st.stm32cube.ide.mcu.externaltools.gnu-tools-for-stm32.12.3.rel1.win32_1.0.200.202406191623/tools/bin/../lib/gcc/arm-none-eabi/12.3.1/../../../../arm-none-eabi/lib/thumb/v7-m/nofp/crt0.o (exit)
C:/ST/STM32CubeIDE_1.16.0/STM32CubeIDE/plugins/com.st.stm32cube.ide.mcu.externaltools.gnu-tools-for-stm32.12.3.rel1.win32_1.0.200.202406191623/tools/bin/../lib/gcc/arm-none-eabi/12.3.1/../../../../arm-none-eabi/lib/thumb/v7-m/nofp\libc_nano.a(libc_a-findfp.o)
                              C:/ST/STM32CubeIDE_1.16.0/STM32CubeIDE/plugins/com.st.stm32cube.ide.mcu.externaltools.gnu-tools-for-stm32.12.3.rel1.win32_1.0.200.202406191623/tools/bin/../lib/gcc/arm-none-eabi/12.3.1/../../../../arm-none-eabi/lib/thumb/v7-m/nofp\libc_nano.a(libc_a-exit.o) (__stdio_exit_handler)
C:/ST/STM32CubeIDE_1.16.0/STM32CubeIDE/plugins/com.st.stm32cube.ide.mcu.externaltools.gnu-tools-for-stm32.12.3.rel1.win32_1.0.200.202406191623/tools/bin/../lib/gcc/arm-none-eabi/12.3.1/../../../../arm-none-eabi/lib/thumb/v7-m/nofp\libc_nano.a(libc_a-fwalk.o)
                              C:/ST/STM32CubeIDE_1.16.0/STM32CubeIDE/plugins/com.st.stm32cube.ide.mcu.externaltools.gnu-tools-for-stm32.12.3.rel1.win32_1.0.200.202406191623/tools/bin/../lib/gcc/arm-none-eabi/12.3.1/../../../../arm-none-eabi/lib/thumb/v7-m/nofp\libc_nano.a(libc_a-findfp.o) (_fwalk_sglue)
C:/ST/STM32CubeIDE_1.16.0/STM32CubeIDE/plugins/com.st.stm32cube.ide.mcu.externaltools.gnu-tools-for-stm32.12.3.rel1.win32_1.0.200.202406191623/tools/bin/../lib/gcc/arm-none-eabi/12.3.1/../../../../arm-none-eabi/lib/thumb/v7-m/nofp\libc_nano.a(libc_a-stdio.o)
                              C:/ST/STM32CubeIDE_1.16.0/STM32CubeIDE/plugins/com.st.stm32cube.ide.mcu.externaltools.gnu-tools-for-stm32.12.3.rel1.win32_1.0.200.202406191623/tools/bin/../lib/gcc/arm-none-eabi/12.3.1/../../../../arm-none-eabi/lib/thumb/v7-m/nofp\libc_nano.a(libc_a-findfp.o) (__sread)
C:/ST/STM32CubeIDE_1.16.0/STM32CubeIDE/plugins/com.st.stm32cube.ide.mcu.externaltools.gnu-tools-for-stm32.12.3.rel1.win32_1.0.200.202406191623/tools/bin/../lib/gcc/arm-none-eabi/12.3.1/../../../../arm-none-eabi/lib/thumb/v7-m/nofp\libc_nano.a(libc_a-memset.o)
                              C:/ST/STM32CubeIDE_1.16.0/STM32CubeIDE/plugins/com.st.stm32cube.ide.mcu.externaltools.gnu-tools-for-stm32.12.3.rel1.win32_1.0.200.202406191623/tools/bin/../lib/gcc/arm-none-eabi/12.3.1/../../../../arm-none-eabi/lib/thumb/v7-m/nofp/crt0.o (memset)
C:/ST/STM32CubeIDE_1.16.0/STM32CubeIDE/plugins/com.st.stm32cube.ide.mcu.externaltools.gnu-tools-for-stm32.12.3.rel1.win32_1.0.200.202406191623/tools/bin/../lib/gcc/arm-none-eabi/12.3.1/../../../../arm-none-eabi/lib/thumb/v7-m/nofp\libc_nano.a(libc_a-closer.o)
                              C:/ST/STM32CubeIDE_1.16.0/STM32CubeIDE/plugins/com.st.stm32cube.ide.mcu.externaltools.gnu-tools-for-stm32.12.3.rel1.win32_1.0.200.202406191623/tools/bin/../lib/gcc/arm-none-eabi/12.3.1/../../../../arm-none-eabi/lib/thumb/v7-m/nofp\libc_nano.a(libc_a-stdio.o) (_close_r)
C:/ST/STM32CubeIDE_1.16.0/STM32CubeIDE/plugins/com.st.stm32cube.ide.mcu.externaltools.gnu-tools-for-stm32.12.3.rel1.win32_1.0.200.202406191623/tools/bin/../lib/gcc/arm-none-eabi/12.3.1/../../../../arm-none-eabi/lib/thumb/v7-m/nofp\libc_nano.a(libc_a-reent.o)
                              C:/ST/STM32CubeIDE_1.16.0/STM32CubeIDE/plugins/com.st.stm32cube.ide.mcu.externaltools.gnu-tools-for-stm32.12.3.rel1.win32_1.0.200.202406191623/tools/bin/../lib/gcc/arm-none-eabi/12.3.1/../../../../arm-none-eabi/lib/thumb/v7-m/nofp\libc_nano.a(libc_a-closer.o) (errno)
C:/ST/STM32CubeIDE_1.16.0/STM32CubeIDE/plugins/com.st.stm32cube.ide.mcu.externaltools.gnu-tools-for-stm32.12.3.rel1.win32_1.0.200.202406191623/tools/bin/../lib/gcc/arm-none-eabi/12.3.1/../../../../arm-none-eabi/lib/thumb/v7-m/nofp\libc_nano.a(libc_a-impure.o)
                              C:/ST/STM32CubeIDE_1.16.0/STM32CubeIDE/plugins/com.st.stm32cube.ide.mcu.externaltools.gnu-tools-for-stm32.12.3.rel1.win32_1.0.200.202406191623/tools/bin/../lib/gcc/arm-none-eabi/12.3.1/../../../../arm-none-eabi/lib/thumb/v7-m/nofp\libc_nano.a(libc_a-reent.o) (_impure_ptr)
C:/ST/STM32CubeIDE_1.16.0/STM32CubeIDE/plugins/com.st.stm32cube.ide.mcu.externaltools.gnu-tools-for-stm32.12.3.rel1.win32_1.0.200.202406191623/tools/bin/../lib/gcc/arm-none-eabi/12.3.1/../../../../arm-none-eabi/lib/thumb/v7-m/nofp\libc_nano.a(libc_a-lseekr.o)
[...]
Memory Configuration

Name             Origin             Length             Attributes
RAM              0x20000000         0x00014000         xrw
FLASH            0x08000000         0x00080000         xr
*default*        0x00000000         0xffffffff

Linker script and memory map

LOAD C:/ST/STM32CubeIDE_1.16.0/STM32CubeIDE/plugins/com.st.stm32cube.ide.mcu.externaltools.gnu-tools-for-stm32.12.3.rel1.win32_1.0.200.202406191623/tools/bin/../lib/gcc/arm-none-eabi/12.3.1/thumb/v7-m/nofp/crti.o
LOAD C:/ST/STM32CubeIDE_1.16.0/STM32CubeIDE/plugins/com.st.stm32cube.ide.mcu.externaltools.gnu-tools-for-stm32.12.3.rel1.win32_1.0.200.202406191623/tools/bin/../lib/gcc/arm-none-eabi/12.3.1/thumb/v7-m/nofp/crtbegin.o
LOAD C:/ST/STM32CubeIDE_1.16.0/STM32CubeIDE/plugins/com.st.stm32cube.ide.mcu.externaltools.gnu-tools-for-stm32.12.3.rel1.win32_1.0.200.202406191623/tools/bin/../lib/gcc/arm-none-eabi/12.3.1/../../../../arm-none-eabi/lib/thumb/v7-m/nofp/crt0.o
LOAD ./Core/Src/main.o
LOAD ./Core/Src/stm32l1xx_hal_msp.o
LOAD ./Core/Src/stm32l1xx_it.o
LOAD ./Core/Src/syscalls.o
LOAD ./Core/Src/sysmem.o
LOAD ./Core/Src/system_stm32l1xx.o
LOAD ./Core/Startup/startup_stm32l152retx.o
LOAD ./Core/cpp/maincpp.o
LOAD ./Drivers/STM32L1xx_HAL_Driver/Src/stm32l1xx_hal.o
LOAD ./Drivers/STM32L1xx_HAL_Driver/Src/stm32l1xx_hal_cortex.o
LOAD ./Drivers/STM32L1xx_HAL_Driver/Src/stm32l1xx_hal_dma.o
LOAD ./Drivers/STM32L1xx_HAL_Driver/Src/stm32l1xx_hal_exti.o
LOAD ./Drivers/STM32L1xx_HAL_Driver/Src/stm32l1xx_hal_flash.o
LOAD ./Drivers/STM32L1xx_HAL_Driver/Src/stm32l1xx_hal_flash_ex.o
LOAD ./Drivers/STM32L1xx_HAL_Driver/Src/stm32l1xx_hal_flash_ramfunc.o
LOAD ./Drivers/STM32L1xx_HAL_Driver/Src/stm32l1xx_hal_gpio.o
LOAD ./Drivers/STM32L1xx_HAL_Driver/Src/stm32l1xx_hal_pwr.o
LOAD ./Drivers/STM32L1xx_HAL_Driver/Src/stm32l1xx_hal_pwr_ex.o
LOAD ./Drivers/STM32L1xx_HAL_Driver/Src/stm32l1xx_hal_rcc.o
LOAD ./Drivers/STM32L1xx_HAL_Driver/Src/stm32l1xx_hal_rcc_ex.o
LOAD ./Drivers/STM32L1xx_HAL_Driver/Src/stm32l1xx_hal_spi.o
LOAD ./Drivers/STM32L1xx_HAL_Driver/Src/stm32l1xx_hal_tim.o
LOAD ./Drivers/STM32L1xx_HAL_Driver/Src/stm32l1xx_hal_tim_ex.o
LOAD ./Drivers/display/max7219_Yncrea2.o
START GROUP
LOAD C:/ST/STM32CubeIDE_1.16.0/STM32CubeIDE/plugins/com.st.stm32cube.ide.mcu.externaltools.gnu-tools-for-stm32.12.3.rel1.win32_1.0.200.202406191623/tools/bin/../lib/gcc/arm-none-eabi/12.3.1/../../../../arm-none-eabi/lib/thumb/v7-m/nofp\libstdc++_nano.a
LOAD C:/ST/STM32CubeIDE_1.16.0/STM32CubeIDE/plugins/com.st.stm32cube.ide.mcu.externaltools.gnu-tools-for-stm32.12.3.rel1.win32_1.0.200.202406191623/tools/bin/../lib/gcc/arm-none-eabi/12.3.1/../../../../arm-none-eabi/lib/thumb/v7-m/nofp\libsupc++_nano.a
END GROUP
LOAD C:/ST/STM32CubeIDE_1.16.0/STM32CubeIDE/plugins/com.st.stm32cube.ide.mcu.externaltools.gnu-tools-for-stm32.12.3.rel1.win32_1.0.200.202406191623/tools/bin/../lib/gcc/arm-none-eabi/12.3.1/../../../../arm-none-eabi/lib/thumb/v7-m/nofp\libstdc++_nano.a
LOAD C:/ST/STM32CubeIDE_1.16.0/STM32CubeIDE/plugins/com.st.stm32cube.ide.mcu.externaltools.gnu-tools-for-stm32.12.3.rel1.win32_1.0.200.202406191623/tools/bin/../lib/gcc/arm-none-eabi/12.3.1/../../../../arm-none-eabi/lib/thumb/v7-m/nofp\libm.a
LOAD C:/ST/STM32CubeIDE_1.16.0/STM32CubeIDE/plugins/com.st.stm32cube.ide.mcu.externaltools.gnu-tools-for-stm32.12.3.rel1.win32_1.0.200.202406191623/tools/bin/../lib/gcc/arm-none-eabi/12.3.1/../../../../arm-none-eabi/lib/thumb/v7-m/nofp\libc_nano.a
START GROUP
LOAD C:/ST/STM32CubeIDE_1.16.0/STM32CubeIDE/plugins/com.st.stm32cube.ide.mcu.externaltools.gnu-tools-for-stm32.12.3.rel1.win32_1.0.200.202406191623/tools/bin/../lib/gcc/arm-none-eabi/12.3.1/thumb/v7-m/nofp\libgcc.a
LOAD C:/ST/STM32CubeIDE_1.16.0/STM32CubeIDE/plugins/com.st.stm32cube.ide.mcu.externaltools.gnu-tools-for-stm32.12.3.rel1.win32_1.0.200.202406191623/tools/bin/../lib/gcc/arm-none-eabi/12.3.1/../../../../arm-none-eabi/lib/thumb/v7-m/nofp\libc_nano.a
END GROUP
START GROUP
LOAD C:/ST/STM32CubeIDE_1.16.0/STM32CubeIDE/plugins/com.st.stm32cube.ide.mcu.externaltools.gnu-tools-for-stm32.12.3.rel1.win32_1.0.200.202406191623/tools/bin/../lib/gcc/arm-none-eabi/12.3.1/thumb/v7-m/nofp\libgcc.a
LOAD C:/ST/STM32CubeIDE_1.16.0/STM32CubeIDE/plugins/com.st.stm32cube.ide.mcu.externaltools.gnu-tools-for-stm32.12.3.rel1.win32_1.0.200.202406191623/tools/bin/../lib/gcc/arm-none-eabi/12.3.1/../../../../arm-none-eabi/lib/thumb/v7-m/nofp\libc_nano.a
LOAD C:/ST/STM32CubeIDE_1.16.0/STM32CubeIDE/plugins/com.st.stm32cube.ide.mcu.externaltools.gnu-tools-for-stm32.12.3.rel1.win32_1.0.200.202406191623/tools/bin/../lib/gcc/arm-none-eabi/12.3.1/../../../../arm-none-eabi/lib/thumb/v7-m/nofp\libnosys.a
END GROUP
START GROUP
LOAD C:/ST/STM32CubeIDE_1.16.0/STM32CubeIDE/plugins/com.st.stm32cube.ide.mcu.externaltools.gnu-tools-for-stm32.12.3.rel1.win32_1.0.200.202406191623/tools/bin/../lib/gcc/arm-none-eabi/12.3.1/thumb/v7-m/nofp\libgcc.a
LOAD C:/ST/STM32CubeIDE_1.16.0/STM32CubeIDE/plugins/com.st.stm32cube.ide.mcu.externaltools.gnu-tools-for-stm32.12.3.rel1.win32_1.0.200.202406191623/tools/bin/../lib/gcc/arm-none-eabi/12.3.1/../../../../arm-none-eabi/lib/thumb/v7-m/nofp\libc_nano.a
LOAD C:/ST/STM32CubeIDE_1.16.0/STM32CubeIDE/plugins/com.st.stm32cube.ide.mcu.externaltools.gnu-tools-for-stm32.12.3.rel1.win32_1.0.200.202406191623/tools/bin/../lib/gcc/arm-none-eabi/12.3.1/../../../../arm-none-eabi/lib/thumb/v7-m/nofp\libnosys.a
END GROUP
LOAD C:/ST/STM32CubeIDE_1.16.0/STM32CubeIDE/plugins/com.st.stm32cube.ide.mcu.externaltools.gnu-tools-for-stm32.12.3.rel1.win32_1.0.200.202406191623/tools/bin/../lib/gcc/arm-none-eabi/12.3.1/thumb/v7-m/nofp/crtend.o
LOAD C:/ST/STM32CubeIDE_1.16.0/STM32CubeIDE/plugins/com.st.stm32cube.ide.mcu.externaltools.gnu-tools-for-stm32.12.3.rel1.win32_1.0.200.202406191623/tools/bin/../lib/gcc/arm-none-eabi/12.3.1/thumb/v7-m/nofp/crtn.o
                0x20014000                        _estack = (ORIGIN (RAM) + LENGTH (RAM))
                0x00000200                        _Min_Heap_Size = 0x200
                0x00000400                        _Min_Stack_Size = 0x400

.isr_vector     0x08000000      0x13c
                0x08000000                        . = ALIGN (0x4)
 *(.isr_vector)
 .isr_vector    0x08000000      0x13c ./Core/Startup/startup_stm32l152retx.o
                0x08000000                g_pfnVectors
                0x0800013c                        . = ALIGN (0x4)

.text           0x0800013c     0x3148
                0x0800013c                        . = ALIGN (0x4)
 *(.text)
 .text          0x0800013c       0x40 C:/ST/STM32CubeIDE_1.16.0/STM32CubeIDE/plugins/com.st.stm32cube.ide.mcu.externaltools.gnu-tools-for-stm32.12.3.rel1.win32_1.0.200.202406191623/tools/bin/../lib/gcc/arm-none-eabi/12.3.1/thumb/v7-m/nofp/crtbegin.o
 .text          0x0800017c       0x30 C:/ST/STM32CubeIDE_1.16.0/STM32CubeIDE/plugins/com.st.stm32cube.ide.mcu.externaltools.gnu-tools-for-stm32.12.3.rel1.win32_1.0.200.202406191623/tools/bin/../lib/gcc/arm-none-eabi/12.3.1/thumb/v7-m/nofp\libgcc.a(_aeabi_uldivmod.o)
                0x0800017c                __aeabi_uldivmod
 .text          0x080001ac      0x2b8 C:/ST/STM32CubeIDE_1.16.0/STM32CubeIDE/plugins/com.st.stm32cube.ide.mcu.externaltools.gnu-tools-for-stm32.12.3.rel1.win32_1.0.200.202406191623/tools/bin/../lib/gcc/arm-none-eabi/12.3.1/thumb/v7-m/nofp\libgcc.a(_udivmoddi4.o)
                0x080001ac                __udivmoddi4
 .text          0x08000464        0x4 C:/ST/STM32CubeIDE_1.16.0/STM32CubeIDE/plugins/com.st.stm32cube.ide.mcu.externaltools.gnu-tools-for-stm32.12.3.rel1.win32_1.0.200.202406191623/tools/bin/../lib/gcc/arm-none-eabi/12.3.1/thumb/v7-m/nofp\libgcc.a(_dvmd_tls.o)
                0x08000464                __aeabi_idiv0
                0x08000464                __aeabi_ldiv0
 *(.text*)
 .text.main     0x08000468       0xcc ./Core/Src/main.o
                0x08000468                main
 .text.SystemClock_Config
                0x08000534       0x9c ./Core/Src/main.o
                0x08000534                SystemClock_Config
 .text.MX_SPI1_Init
                0x080005d0       0x6c ./Core/Src/main.o
 .text.MX_TIM3_Init
                0x0800063c      0x104 ./Core/Src/main.o
 .text.MX_GPIO_Init
                0x08000740      0x124 ./Core/Src/main.o
 .text.HAL_GPIO_EXTI_Callback
                0x08000864       0x84 ./Core/Src/main.o
                0x08000864                HAL_GPIO_EXTI_Callback
 .text.Error_Handler
                0x080008e8        0xc ./Core/Src/main.o
                0x080008e8                Error_Handler
 .text.HAL_MspInit
                0x080008f4       0x5c ./Core/Src/stm32l1xx_hal_msp.o
                0x080008f4                HAL_MspInit
 .text.HAL_SPI_MspInit
                0x08000950       0x88 ./Core/Src/stm32l1xx_hal_msp.o
                0x08000950                HAL_SPI_MspInit
 .text.HAL_TIM_Base_MspInit
                0x080009d8       0x4c ./Core/Src/stm32l1xx_hal_msp.o
                0x080009d8                HAL_TIM_Base_MspInit
 .text.HAL_TIM_MspPostInit
                0x08000a24       0xac ./Core/Src/stm32l1xx_hal_msp.o
                0x08000a24                HAL_TIM_MspPostInit
 .text.NMI_Handler
                0x08000ad0        0x8 ./Core/Src/stm32l1xx_it.o
                0x08000ad0                NMI_Handler
 .text.HardFault_Handler
                0x08000ad8        0x8 ./Core/Src/stm32l1xx_it.o
                0x08000ad8                HardFault_Handler
 .text.MemManage_Handler
                0x08000ae0        0x8 ./Core/Src/stm32l1xx_it.o
                0x08000ae0                MemManage_Handler
 .text.BusFault_Handler
                0x08000ae8        0x8 ./Core/Src/stm32l1xx_it.o
                0x08000ae8                BusFault_Handler
 .text.UsageFault_Handler
                0x08000af0        0x8 ./Core/Src/stm32l1xx_it.o
                0x08000af0                UsageFault_Handler
 .text.SVC_Handler
                0x08000af8        0xc ./Core/Src/stm32l1xx_it.o
                0x08000af8                SVC_Handler
 .text.DebugMon_Handler
                0x08000b04        0xc ./Core/Src/stm32l1xx_it.o
                0x08000b04                DebugMon_Handler
 .text.PendSV_Handler
                0x08000b10        0xc ./Core/Src/stm32l1xx_it.o
                0x08000b10                PendSV_Handler
 .text.SysTick_Handler
                0x08000b1c        0xc ./Core/Src/stm32l1xx_it.o
                0x08000b1c                SysTick_Handler
 .text.EXTI9_5_IRQHandler
                0x08000b28       0x14 ./Core/Src/stm32l1xx_it.o
                0x08000b28                EXTI9_5_IRQHandler
 .text.TIM3_IRQHandler
                0x08000b3c       0x14 ./Core/Src/stm32l1xx_it.o
                0x08000b3c                TIM3_IRQHandler
 .text.EXTI15_10_IRQHandler
                0x08000b50       0x20 ./Core/Src/stm32l1xx_it.o
                0x08000b50                EXTI15_10_IRQHandler
 .text.SystemInit
                0x08000b70        0xc ./Core/Src/system_stm32l1xx.o
                0x08000b70                SystemInit
 .text.Reset_Handler
                0x08000b7c       0x48 ./Core/Startup/startup_stm32l152retx.o
                0x08000b7c                Reset_Handler
 .text.Default_Handler
                0x08000bc4        0x2 ./Core/Startup/startup_stm32l152retx.o
                0x08000bc4                RTC_Alarm_IRQHandler
                0x08000bc4                EXTI2_IRQHandler
                0x08000bc4                COMP_ACQ_IRQHandler
                0x08000bc4                TIM10_IRQHandler
                0x08000bc4                USB_HP_IRQHandler
                0x08000bc4                TIM6_IRQHandler
                0x08000bc4                PVD_IRQHandler
                0x08000bc4                EXTI3_IRQHandler
                0x08000bc4                EXTI0_IRQHandler
                0x08000bc4                I2C2_EV_IRQHandler
                0x08000bc4                SPI1_IRQHandler
                0x08000bc4                USB_FS_WKUP_IRQHandler
                0x08000bc4                DMA2_Channel2_IRQHandler
                0x08000bc4                DMA1_Channel4_IRQHandler
                0x08000bc4                ADC1_IRQHandler
                0x08000bc4                USART3_IRQHandler
                0x08000bc4                DMA1_Channel7_IRQHandler
                0x08000bc4                LCD_IRQHandler
                0x08000bc4                UART5_IRQHandler
                0x08000bc4                TIM4_IRQHandler
                0x08000bc4                DMA2_Channel1_IRQHandler
                0x08000bc4                I2C1_EV_IRQHandler
                0x08000bc4                DMA1_Channel6_IRQHandler
                0x08000bc4                UART4_IRQHandler
                0x08000bc4                DMA2_Channel4_IRQHandler
                0x08000bc4                RCC_IRQHandler
                0x08000bc4                DMA1_Channel1_IRQHandler
                0x08000bc4                Default_Handler
                0x08000bc4                TIM7_IRQHandler
                0x08000bc4                TIM5_IRQHandler
                0x08000bc4                TIM9_IRQHandler
                0x08000bc4                TAMPER_STAMP_IRQHandler
                0x08000bc4                RTC_WKUP_IRQHandler
                0x08000bc4                SPI2_IRQHandler
                0x08000bc4                DMA2_Channel5_IRQHandler
                0x08000bc4                DMA1_Channel5_IRQHandler
                0x08000bc4                USB_LP_IRQHandler
                0x08000bc4                EXTI4_IRQHandler
                0x08000bc4                DMA1_Channel3_IRQHandler
                0x08000bc4                COMP_IRQHandler
                0x08000bc4                WWDG_IRQHandler
                0x08000bc4                TIM2_IRQHandler
                0x08000bc4                DAC_IRQHandler
                0x08000bc4                EXTI1_IRQHandler
                0x08000bc4                TIM11_IRQHandler
                0x08000bc4                USART2_IRQHandler
                0x08000bc4                I2C2_ER_IRQHandler
                0x08000bc4                DMA1_Channel2_IRQHandler
                0x08000bc4                FLASH_IRQHandler
                0x08000bc4                USART1_IRQHandler
                0x08000bc4                SPI3_IRQHandler
                0x08000bc4                I2C1_ER_IRQHandler
                0x08000bc4                DMA2_Channel3_IRQHandler
 .text.HAL_Init
                0x08000bc6       0x30 ./Drivers/STM32L1xx_HAL_Driver/Src/stm32l1xx_hal.o
                0x08000bc6                HAL_Init
 *fill*         0x08000bf6        0x2 
 .text.HAL_InitTick
                0x08000bf8       0x74 ./Drivers/STM32L1xx_HAL_Driver/Src/stm32l1xx_hal.o
                0x08000bf8                HAL_InitTick
 .text.HAL_IncTick
                0x08000c6c       0x24 ./Drivers/STM32L1xx_HAL_Driver/Src/stm32l1xx_hal.o
                0x08000c6c                HAL_IncTick
 .text.HAL_GetTick
                0x08000c90       0x14 ./Drivers/STM32L1xx_HAL_Driver/Src/stm32l1xx_hal.o
                0x08000c90                HAL_GetTick
 .text.HAL_Delay
                0x08000ca4       0x44 ./Drivers/STM32L1xx_HAL_Driver/Src/stm32l1xx_hal.o
                0x08000ca4                HAL_Delay
 .text.__NVIC_SetPriorityGrouping
                0x08000ce8       0x48 ./Drivers/STM32L1xx_HAL_Driver/Src/stm32l1xx_hal_cortex.o
 .text.__NVIC_GetPriorityGrouping
                0x08000d30       0x1c ./Drivers/STM32L1xx_HAL_Driver/Src/stm32l1xx_hal_cortex.o
 .text.__NVIC_EnableIRQ
                0x08000d4c       0x38 ./Drivers/STM32L1xx_HAL_Driver/Src/stm32l1xx_hal_cortex.o
 .text.__NVIC_SetPriority
                0x08000d84       0x54 ./Drivers/STM32L1xx_HAL_Driver/Src/stm32l1xx_hal_cortex.o
 .text.NVIC_EncodePriority
                0x08000dd8       0x64 ./Drivers/STM32L1xx_HAL_Driver/Src/stm32l1xx_hal_cortex.o
 .text.SysTick_Config
                0x08000e3c       0x44 ./Drivers/STM32L1xx_HAL_Driver/Src/stm32l1xx_hal_cortex.o
 .text.HAL_NVIC_SetPriorityGrouping
                0x08000e80       0x16 ./Drivers/STM32L1xx_HAL_Driver/Src/stm32l1xx_hal_cortex.o
                0x08000e80                HAL_NVIC_SetPriorityGrouping
 .text.HAL_NVIC_SetPriority
                0x08000e96       0x38 ./Drivers/STM32L1xx_HAL_Driver/Src/stm32l1xx_hal_cortex.o
                0x08000e96                HAL_NVIC_SetPriority
 .text.HAL_NVIC_EnableIRQ
                0x08000ece       0x1c ./Drivers/STM32L1xx_HAL_Driver/Src/stm32l1xx_hal_cortex.o
                0x08000ece                HAL_NVIC_EnableIRQ
 .text.HAL_SYSTICK_Config
                0x08000eea       0x18 ./Drivers/STM32L1xx_HAL_Driver/Src/stm32l1xx_hal_cortex.o
                0x08000eea                HAL_SYSTICK_Config
 *fill*         0x08000f02        0x2 
 .text.HAL_GPIO_Init
                0x08000f04      0x320 ./Drivers/STM32L1xx_HAL_Driver/Src/stm32l1xx_hal_gpio.o
                0x08000f04                HAL_GPIO_Init
 .text.HAL_GPIO_WritePin
                0x08001224       0x30 ./Drivers/STM32L1xx_HAL_Driver/Src/stm32l1xx_hal_gpio.o
                0x08001224                HAL_GPIO_WritePin
 .text.HAL_GPIO_TogglePin
                0x08001254       0x32 ./Drivers/STM32L1xx_HAL_Driver/Src/stm32l1xx_hal_gpio.o
                0x08001254                HAL_GPIO_TogglePin
 *fill*         0x08001286        0x2 
 .text.HAL_GPIO_EXTI_IRQHandler
                0x08001288       0x30 ./Drivers/STM32L1xx_HAL_Driver/Src/stm32l1xx_hal_gpio.o
                0x08001288                HAL_GPIO_EXTI_IRQHandler
 .text.HAL_RCC_OscConfig
                0x080012b8      0x660 ./Drivers/STM32L1xx_HAL_Driver/Src/stm32l1xx_hal_rcc.o
                0x080012b8                HAL_RCC_OscConfig
 .text.HAL_RCC_ClockConfig
                0x08001918      0x268 ./Drivers/STM32L1xx_HAL_Driver/Src/stm32l1xx_hal_rcc.o
                0x08001918                HAL_RCC_ClockConfig
 .text.HAL_RCC_GetSysClockFreq
                0x08001b80      0x17c ./Drivers/STM32L1xx_HAL_Driver/Src/stm32l1xx_hal_rcc.o
                0x08001b80                HAL_RCC_GetSysClockFreq
 .text.RCC_SetFlashLatencyFromMSIRange
                0x08001cfc       0xc0 ./Drivers/STM32L1xx_HAL_Driver/Src/stm32l1xx_hal_rcc.o
 .text.HAL_SPI_Init
                0x08001dbc      0x112 ./Drivers/STM32L1xx_HAL_Driver/Src/stm32l1xx_hal_spi.o
                0x08001dbc                HAL_SPI_Init
 .text.HAL_SPI_Transmit
                0x08001ece      0x286 ./Drivers/STM32L1xx_HAL_Driver/Src/stm32l1xx_hal_spi.o
                0x08001ece                HAL_SPI_Transmit
 .text.SPI_WaitFlagStateUntilTimeout
                0x08002154      0x110 ./Drivers/STM32L1xx_HAL_Driver/Src/stm32l1xx_hal_spi.o
 .text.SPI_EndRxTxTransaction
                0x08002264       0x84 ./Drivers/STM32L1xx_HAL_Driver/Src/stm32l1xx_hal_spi.o
 .text.HAL_TIM_Base_Init
                0x080022e8       0x7e ./Drivers/STM32L1xx_HAL_Driver/Src/stm32l1xx_hal_tim.o
                0x080022e8                HAL_TIM_Base_Init
 *fill*         0x08002366        0x2 
 .text.HAL_TIM_Base_Start
                0x08002368       0x94 ./Drivers/STM32L1xx_HAL_Driver/Src/stm32l1xx_hal_tim.o
                0x08002368                HAL_TIM_Base_Start
 .text.HAL_TIM_PWM_Init
                0x080023fc       0x7e ./Drivers/STM32L1xx_HAL_Driver/Src/stm32l1xx_hal_tim.o
                0x080023fc                HAL_TIM_PWM_Init
 .text.HAL_TIM_PWM_MspInit
                0x0800247a       0x12 ./Drivers/STM32L1xx_HAL_Driver/Src/stm32l1xx_hal_tim.o
                0x0800247a                HAL_TIM_PWM_MspInit
 .text.HAL_TIM_PWM_Start
                0x0800248c      0x12c ./Drivers/STM32L1xx_HAL_Driver/Src/stm32l1xx_hal_tim.o
                0x0800248c                HAL_TIM_PWM_Start
 .text.HAL_TIM_PWM_Stop
                0x080025b8       0x7a ./Drivers/STM32L1xx_HAL_Driver/Src/stm32l1xx_hal_tim.o
                0x080025b8                HAL_TIM_PWM_Stop
 .text.HAL_TIM_IRQHandler
                0x08002632      0x1b8 ./Drivers/STM32L1xx_HAL_Driver/Src/stm32l1xx_hal_tim.o
                0x08002632                HAL_TIM_IRQHandler
 *fill*         0x080027ea        0x2 
 .text.HAL_TIM_PWM_ConfigChannel
                0x080027ec      0x184 ./Drivers/STM32L1xx_HAL_Driver/Src/stm32l1xx_hal_tim.o
                0x080027ec                HAL_TIM_PWM_ConfigChannel
 .text.HAL_TIM_ConfigClockSource
                0x08002970      0x18e ./Drivers/STM32L1xx_HAL_Driver/Src/stm32l1xx_hal_tim.o
                0x08002970                HAL_TIM_ConfigClockSource
 .text.HAL_TIM_PeriodElapsedCallback
                0x08002afe       0x12 ./Drivers/STM32L1xx_HAL_Driver/Src/stm32l1xx_hal_tim.o
                0x08002afe                HAL_TIM_PeriodElapsedCallback
 .text.HAL_TIM_OC_DelayElapsedCallback
                0x08002b10       0x12 ./Drivers/STM32L1xx_HAL_Driver/Src/stm32l1xx_hal_tim.o
                0x08002b10                HAL_TIM_OC_DelayElapsedCallback
 .text.HAL_TIM_IC_CaptureCallback
                0x08002b22       0x12 ./Drivers/STM32L1xx_HAL_Driver/Src/stm32l1xx_hal_tim.o
                0x08002b22                HAL_TIM_IC_CaptureCallback
 .text.HAL_TIM_PWM_PulseFinishedCallback
                0x08002b34       0x12 ./Drivers/STM32L1xx_HAL_Driver/Src/stm32l1xx_hal_tim.o
                0x08002b34                HAL_TIM_PWM_PulseFinishedCallback
 .text.HAL_TIM_TriggerCallback
                0x08002b46       0x12 ./Drivers/STM32L1xx_HAL_Driver/Src/stm32l1xx_hal_tim.o
                0x08002b46                HAL_TIM_TriggerCallback
 .text.TIM_Base_SetConfig
                0x08002b58       0xe0 ./Drivers/STM32L1xx_HAL_Driver/Src/stm32l1xx_hal_tim.o
 .text.TIM_OC1_SetConfig
                0x08002c38       0x78 ./Drivers/STM32L1xx_HAL_Driver/Src/stm32l1xx_hal_tim.o
 .text.TIM_OC2_SetConfig
                0x08002cb0       0x7c ./Drivers/STM32L1xx_HAL_Driver/Src/stm32l1xx_hal_tim.o
 .text.TIM_OC3_SetConfig
                0x08002d2c       0x7a ./Drivers/STM32L1xx_HAL_Driver/Src/stm32l1xx_hal_tim.o
 .text.TIM_OC4_SetConfig
                0x08002da6       0x7c ./Drivers/STM32L1xx_HAL_Driver/Src/stm32l1xx_hal_tim.o
 .text.TIM_TI1_ConfigInputStage
                0x08002e22       0x5c ./Drivers/STM32L1xx_HAL_Driver/Src/stm32l1xx_hal_tim.o
 .text.TIM_TI2_ConfigInputStage
                0x08002e7e       0x5e ./Drivers/STM32L1xx_HAL_Driver/Src/stm32l1xx_hal_tim.o
 .text.TIM_ITRx_SetConfig
                0x08002edc       0x34 ./Drivers/STM32L1xx_HAL_Driver/Src/stm32l1xx_hal_tim.o
 .text.TIM_ETR_SetConfig
                0x08002f10       0x3e ./Drivers/STM32L1xx_HAL_Driver/Src/stm32l1xx_hal_tim.o
 .text.TIM_CCxChannelCmd
                0x08002f4e       0x48 ./Drivers/STM32L1xx_HAL_Driver/Src/stm32l1xx_hal_tim.o
 *fill*         0x08002f96        0x2 
 .text.HAL_TIMEx_MasterConfigSynchronization
                0x08002f98       0xbc ./Drivers/STM32L1xx_HAL_Driver/Src/stm32l1xx_hal_tim_ex.o
                0x08002f98                HAL_TIMEx_MasterConfigSynchronization
 .text.SPI_CS_High
                0x08003054       0x18 ./Drivers/display/max7219_Yncrea2.o
                0x08003054                SPI_CS_High
 .text.SPI_CS_Low
                0x0800306c       0x18 ./Drivers/display/max7219_Yncrea2.o
                0x0800306c                SPI_CS_Low
 .text.MAX7219_Init
                0x08003084       0x2a ./Drivers/display/max7219_Yncrea2.o
                0x08003084                MAX7219_Init
 .text.MAX7219_ShutdownStop
                0x080030ae       0x10 ./Drivers/display/max7219_Yncrea2.o
                0x080030ae                MAX7219_ShutdownStop
 .text.MAX7219_DisplayTestStop
                0x080030be       0x10 ./Drivers/display/max7219_Yncrea2.o
                0x080030be                MAX7219_DisplayTestStop
 .text.MAX7219_SetBrightness
                0x080030ce       0x24 ./Drivers/display/max7219_Yncrea2.o
                0x080030ce                MAX7219_SetBrightness
 .text.MAX7219_Clear
                0x080030f2       0x2c ./Drivers/display/max7219_Yncrea2.o
                0x080030f2                MAX7219_Clear
 .text.MAX7219_DisplayChar
                0x0800311e       0x52 ./Drivers/display/max7219_Yncrea2.o
                0x0800311e                MAX7219_DisplayChar
 .text.MAX7219_LookupCode
                0x08003170       0x4c ./Drivers/display/max7219_Yncrea2.o
 .text.MAX7219_Write
                0x080031bc       0x34 ./Drivers/display/max7219_Yncrea2.o
 .text.MAX7219_SendByte
                0x080031f0       0x24 ./Drivers/display/max7219_Yncrea2.o
 .text.memset   0x08003214       0x10 C:/ST/STM32CubeIDE_1.16.0/STM32CubeIDE/plugins/com.st.stm32cube.ide.mcu.externaltools.gnu-tools-for-stm32.12.3.rel1.win32_1.0.200.202406191623/tools/bin/../lib/gcc/arm-none-eabi/12.3.1/../../../../arm-none-eabi/lib/thumb/v7-m/nofp\libc_nano.a(libc_a-memset.o)
                0x08003214                memset
 .text.__libc_init_array
                0x08003224       0x48 C:/ST/STM32CubeIDE_1.16.0/STM32CubeIDE/plugins/com.st.stm32cube.ide.mcu.externaltools.gnu-tools-for-stm32.12.3.rel1.win32_1.0.200.202406191623/tools/bin/../lib/gcc/arm-none-eabi/12.3.1/../../../../arm-none-eabi/lib/thumb/v7-m/nofp\libc_nano.a(libc_a-init.o)
                0x08003224                __libc_init_array
 *(.glue_7)
 .glue_7        0x0800326c        0x0 linker stubs
 *(.glue_7t)
 .glue_7t       0x0800326c        0x0 linker stubs
 *(.eh_frame)
 .eh_frame      0x0800326c        0x0 C:/ST/STM32CubeIDE_1.16.0/STM32CubeIDE/plugins/com.st.stm32cube.ide.mcu.externaltools.gnu-tools-for-stm32.12.3.rel1.win32_1.0.200.202406191623/tools/bin/../lib/gcc/arm-none-eabi/12.3.1/thumb/v7-m/nofp/crtbegin.o
 *(.init)
 .init          0x0800326c        0x4 C:/ST/STM32CubeIDE_1.16.0/STM32CubeIDE/plugins/com.st.stm32cube.ide.mcu.externaltools.gnu-tools-for-stm32.12.3.rel1.win32_1.0.200.202406191623/tools/bin/../lib/gcc/arm-none-eabi/12.3.1/thumb/v7-m/nofp/crti.o
                0x0800326c                _init
 .init          0x08003270        0x8 C:/ST/STM32CubeIDE_1.16.0/STM32CubeIDE/plugins/com.st.stm32cube.ide.mcu.externaltools.gnu-tools-for-stm32.12.3.rel1.win32_1.0.200.202406191623/tools/bin/../lib/gcc/arm-none-eabi/12.3.1/thumb/v7-m/nofp/crtn.o
 *(.fini)
 .fini          0x08003278        0x4 C:/ST/STM32CubeIDE_1.16.0/STM32CubeIDE/plugins/com.st.stm32cube.ide.mcu.externaltools.gnu-tools-for-stm32.12.3.rel1.win32_1.0.200.202406191623/tools/bin/../lib/gcc/arm-none-eabi/12.3.1/thumb/v7-m/nofp/crti.o
                0x08003278                _fini
 .fini          0x0800327c        0x8 C:/ST/STM32CubeIDE_1.16.0/STM32CubeIDE/plugins/com.st.stm32cube.ide.mcu.externaltools.gnu-tools-for-stm32.12.3.rel1.win32_1.0.200.202406191623/tools/bin/../lib/gcc/arm-none-eabi/12.3.1/thumb/v7-m/nofp/crtn.o
                0x08003284                        . = ALIGN (0x4)
                0x08003284                        _etext = .

.vfp11_veneer   0x08003284        0x0
 .vfp11_veneer  0x08003284        0x0 linker stubs

.v4_bx          0x08003284        0x0
 .v4_bx         0x08003284        0x0 linker stubs

.iplt           0x08003284        0x0
 .iplt          0x08003284        0x0 C:/ST/STM32CubeIDE_1.16.0/STM32CubeIDE/plugins/com.st.stm32cube.ide.mcu.externaltools.gnu-tools-for-stm32.12.3.rel1.win32_1.0.200.202406191623/tools/bin/../lib/gcc/arm-none-eabi/12.3.1/thumb/v7-m/nofp/crtbegin.o

.rodata         0x08003284       0x58
                0x08003284                        . = ALIGN (0x4)
 *(.rodata)
 *(.rodata*)
 .rodata.PLLMulTable
                0x08003284        0x9 ./Core/Src/system_stm32l1xx.o
                0x08003284                PLLMulTable
 *fill*         0x0800328d        0x3 
 .rodata.AHBPrescTable
                0x08003290       0x10 ./Core/Src/system_stm32l1xx.o
                0x08003290                AHBPrescTable
 .rodata.MAX7219_Font
                0x080032a0       0x3a ./Drivers/display/max7219_Yncrea2.o
                0x080032dc                        . = ALIGN (0x4)
 *fill*         0x080032da        0x2 

.ARM.extab      0x080032dc        0x0
                0x080032dc                        . = ALIGN (0x4)
 *(.ARM.extab* .gnu.linkonce.armextab.*)
                0x080032dc                        . = ALIGN (0x4)

.ARM            0x080032dc        0x8
                0x080032dc                        . = ALIGN (0x4)
                0x080032dc                        __exidx_start = .
 *(.ARM.exidx*)
 .ARM.exidx     0x080032dc        0x8 C:/ST/STM32CubeIDE_1.16.0/STM32CubeIDE/plugins/com.st.stm32cube.ide.mcu.externaltools.gnu-tools-for-stm32.12.3.rel1.win32_1.0.200.202406191623/tools/bin/../lib/gcc/arm-none-eabi/12.3.1/thumb/v7-m/nofp\libgcc.a(_udivmoddi4.o)
                0x080032e4                        __exidx_end = .
                0x080032e4                        . = ALIGN (0x4)

.preinit_array  0x080032e4        0x0
                0x080032e4                        . = ALIGN (0x4)
                0x080032e4                        PROVIDE (__preinit_array_start = .)
 *(.preinit_array*)
                0x080032e4                        PROVIDE (__preinit_array_end = .)
                0x080032e4                        . = ALIGN (0x4)

.init_array     0x080032e4        0x4
                0x080032e4                        . = ALIGN (0x4)
                0x080032e4                        PROVIDE (__init_array_start = .)
 *(SORT_BY_NAME(.init_array.*))
 *(.init_array*)
 .init_array    0x080032e4        0x4 C:/ST/STM32CubeIDE_1.16.0/STM32CubeIDE/plugins/com.st.stm32cube.ide.mcu.externaltools.gnu-tools-for-stm32.12.3.rel1.win32_1.0.200.202406191623/tools/bin/../lib/gcc/arm-none-eabi/12.3.1/thumb/v7-m/nofp/crtbegin.o
                0x080032e8                        PROVIDE (__init_array_end = .)
                0x080032e8                        . = ALIGN (0x4)

.fini_array     0x080032e8        0x4
                0x080032e8                        . = ALIGN (0x4)
                [!provide]                        PROVIDE (__fini_array_start = .)
 *(SORT_BY_NAME(.fini_array.*))
 *(.fini_array*)
 .fini_array    0x080032e8        0x4 C:/ST/STM32CubeIDE_1.16.0/STM32CubeIDE/plugins/com.st.stm32cube.ide.mcu.externaltools.gnu-tools-for-stm32.12.3.rel1.win32_1.0.200.202406191623/tools/bin/../lib/gcc/arm-none-eabi/12.3.1/thumb/v7-m/nofp/crtbegin.o
                [!provide]                        PROVIDE (__fini_array_end = .)
                0x080032ec                        . = ALIGN (0x4)
                0x080032ec                        _sidata = LOADADDR (.data)

.rel.dyn        0x080032ec        0x0
 .rel.iplt      0x080032ec        0x0 C:/ST/STM32CubeIDE_1.16.0/STM32CubeIDE/plugins/com.st.stm32cube.ide.mcu.externaltools.gnu-tools-for-stm32.12.3.rel1.win32_1.0.200.202406191623/tools/bin/../lib/gcc/arm-none-eabi/12.3.1/thumb/v7-m/nofp/crtbegin.o

.data           0x20000000        0xc load address 0x080032ec
                0x20000000                        . = ALIGN (0x4)
                0x20000000                        _sdata = .
 *(.data)
 *(.data*)
 .data.SystemCoreClock
                0x20000000        0x4 ./Core/Src/system_stm32l1xx.o
                0x20000000                SystemCoreClock
 .data.uwTickPrio
                0x20000004        0x4 ./Drivers/STM32L1xx_HAL_Driver/Src/stm32l1xx_hal.o
                0x20000004                uwTickPrio
 .data.uwTickFreq
                0x20000008        0x4 ./Drivers/STM32L1xx_HAL_Driver/Src/stm32l1xx_hal.o
                0x20000008                uwTickFreq
 *(.RamFunc)
 *(.RamFunc*)
                0x2000000c                        . = ALIGN (0x4)
                0x2000000c                        _edata = .

.igot.plt       0x2000000c        0x0 load address 0x080032f8
 .igot.plt      0x2000000c        0x0 C:/ST/STM32CubeIDE_1.16.0/STM32CubeIDE/plugins/com.st.stm32cube.ide.mcu.externaltools.gnu-tools-for-stm32.12.3.rel1.win32_1.0.200.202406191623/tools/bin/../lib/gcc/arm-none-eabi/12.3.1/thumb/v7-m/nofp/crtbegin.o
                0x2000000c                        . = ALIGN (0x4)

.bss            0x2000000c       0xb8 load address 0x080032f8
                0x2000000c                        _sbss = .
                0x2000000c                        __bss_start__ = _sbss
 *(.bss)
 .bss           0x2000000c       0x1c C:/ST/STM32CubeIDE_1.16.0/STM32CubeIDE/plugins/com.st.stm32cube.ide.mcu.externaltools.gnu-tools-for-stm32.12.3.rel1.win32_1.0.200.202406191623/tools/bin/../lib/gcc/arm-none-eabi/12.3.1/thumb/v7-m/nofp/crtbegin.o
 *(.bss*)
 .bss.hspi1     0x20000028       0x58 ./Core/Src/main.o
                0x20000028                hspi1
 .bss.htim3     0x20000080       0x40 ./Core/Src/main.o
                0x20000080                htim3
 .bss.uwTick    0x200000c0        0x4 ./Drivers/STM32L1xx_HAL_Driver/Src/stm32l1xx_hal.o
                0x200000c0                uwTick
 *(COMMON)
                0x200000c4                        . = ALIGN (0x4)
                0x200000c4                        _ebss = .
                0x200000c4                        __bss_end__ = _ebss

._user_heap_stack
                0x200000c4      0x604 load address 0x080032f8
                0x200000c8                        . = ALIGN (0x8)
 *fill*         0x200000c4        0x4 
                [!provide]                        PROVIDE (end = .)
                0x200000c8                        PROVIDE (_end = .)
                0x200002c8                        . = (. + _Min_Heap_Size)
 *fill*         0x200000c8      0x200 
                0x200006c8                        . = (. + _Min_Stack_Size)
 *fill*         0x200002c8      0x400 
                0x200006c8                        . = ALIGN (0x8)

/DISCARD/
 libc.a(*)
 libm.a(*)
 libgcc.a(*)

.ARM.attributes
                0x00000000       0x29
 *(.ARM.attributes)
 .ARM.attributes
                0x00000000       0x1d C:/ST/STM32CubeIDE_1.16.0/STM32CubeIDE/plugins/com.st.stm32cube.ide.mcu.externaltools.gnu-tools-for-stm32.12.3.rel1.win32_1.0.200.202406191623/tools/bin/../lib/gcc/arm-none-eabi/12.3.1/thumb/v7-m/nofp/crti.o
 .ARM.attributes
                0x0000001d       0x2d C:/ST/STM32CubeIDE_1.16.0/STM32CubeIDE/plugins/com.st.stm32cube.ide.mcu.externaltools.gnu-tools-for-stm32.12.3.rel1.win32_1.0.200.202406191623/tools/bin/../lib/gcc/arm-none-eabi/12.3.1/thumb/v7-m/nofp/crtbegin.o
 .ARM.attributes
                0x0000004a       0x2d ./Core/Src/main.o
 .ARM.attributes
                0x00000077       0x2d ./Core/Src/stm32l1xx_hal_msp.o
 .ARM.attributes
                0x000000a4       0x2d ./Core/Src/stm32l1xx_it.o
 .ARM.attributes
                0x000000d1       0x2d ./Core/Src/system_stm32l1xx.o
 .ARM.attributes
                0x000000fe       0x21 ./Core/Startup/startup_stm32l152retx.o
 .ARM.attributes
                0x0000011f       0x2d ./Drivers/STM32L1xx_HAL_Driver/Src/stm32l1xx_hal.o
 .ARM.attributes
                0x0000014c       0x2d ./Drivers/STM32L1xx_HAL_Driver/Src/stm32l1xx_hal_cortex.o
 .ARM.attributes
                0x00000179       0x2d ./Drivers/STM32L1xx_HAL_Driver/Src/stm32l1xx_hal_gpio.o
 .ARM.attributes
                0x000001a6       0x2d ./Drivers/STM32L1xx_HAL_Driver/Src/stm32l1xx_hal_rcc.o
 .ARM.attributes
                0x000001d3       0x2d ./Drivers/STM32L1xx_HAL_Driver/Src/stm32l1xx_hal_spi.o
 .ARM.attributes
                0x00000200       0x2d ./Drivers/STM32L1xx_HAL_Driver/Src/stm32l1xx_hal_tim.o
 .ARM.attributes
                0x0000022d       0x2d ./Drivers/STM32L1xx_HAL_Driver/Src/stm32l1xx_hal_tim_ex.o
 .ARM.attributes
                0x0000025a       0x2d ./Drivers/display/max7219_Yncrea2.o
 .ARM.attributes
                0x00000287       0x2d C:/ST/STM32CubeIDE_1.16.0/STM32CubeIDE/plugins/com.st.stm32cube.ide.mcu.externaltools.gnu-tools-for-stm32.12.3.rel1.win32_1.0.200.202406191623/tools/bin/../lib/gcc/arm-none-eabi/12.3.1/../../../../arm-none-eabi/lib/thumb/v7-m/nofp\libc_nano.a(libc_a-memset.o)
 .ARM.attributes
                0x000002b4       0x2d C:/ST/STM32CubeIDE_1.16.0/STM32CubeIDE/plugins/com.st.stm32cube.ide.mcu.externaltools.gnu-tools-for-stm32.12.3.rel1.win32_1.0.200.202406191623/tools/bin/../lib/gcc/arm-none-eabi/12.3.1/../../../../arm-none-eabi/lib/thumb/v7-m/nofp\libc_nano.a(libc_a-init.o)
 .ARM.attributes
                0x000002e1       0x1d C:/ST/STM32CubeIDE_1.16.0/STM32CubeIDE/plugins/com.st.stm32cube.ide.mcu.externaltools.gnu-tools-for-stm32.12.3.rel1.win32_1.0.200.202406191623/tools/bin/../lib/gcc/arm-none-eabi/12.3.1/thumb/v7-m/nofp\libgcc.a(_aeabi_uldivmod.o)
 .ARM.attributes
                0x000002fe       0x2d C:/ST/STM32CubeIDE_1.16.0/STM32CubeIDE/plugins/com.st.stm32cube.ide.mcu.externaltools.gnu-tools-for-stm32.12.3.rel1.win32_1.0.200.202406191623/tools/bin/../lib/gcc/arm-none-eabi/12.3.1/thumb/v7-m/nofp\libgcc.a(_udivmoddi4.o)
 .ARM.attributes
                0x0000032b       0x1d C:/ST/STM32CubeIDE_1.16.0/STM32CubeIDE/plugins/com.st.stm32cube.ide.mcu.externaltools.gnu-tools-for-stm32.12.3.rel1.win32_1.0.200.202406191623/tools/bin/../lib/gcc/arm-none-eabi/12.3.1/thumb/v7-m/nofp\libgcc.a(_dvmd_tls.o)
 .ARM.attributes
                0x00000348       0x1d C:/ST/STM32CubeIDE_1.16.0/STM32CubeIDE/plugins/com.st.stm32cube.ide.mcu.externaltools.gnu-tools-for-stm32.12.3.rel1.win32_1.0.200.202406191623/tools/bin/../lib/gcc/arm-none-eabi/12.3.1/thumb/v7-m/nofp/crtn.o
OUTPUT(SIMON.elf elf32-littlearm)
LOAD linker stubs
LOAD C:/ST/STM32CubeIDE_1.16.0/STM32CubeIDE/plugins/com.st.stm32cube.ide.mcu.externaltools.gnu-tools-for-stm32.12.3.rel1.win32_1.0.200.202406191623/tools/bin/../lib/gcc/arm-none-eabi/12.3.1/../../../../arm-none-eabi/lib/thumb/v7-m/nofp\libc.a
LOAD C:/ST/STM32CubeIDE_1.16.0/STM32CubeIDE/plugins/com.st.stm32cube.ide.mcu.externaltools.gnu-tools-for-stm32.12.3.rel1.win32_1.0.200.202406191623/tools/bin/../lib/gcc/arm-none-eabi/12.3.1/../../../../arm-none-eabi/lib/thumb/v7-m/nofp\libm.a
LOAD C:/ST/STM32CubeIDE_1.16.0/STM32CubeIDE/plugins/com.st.stm32cube.ide.mcu.externaltools.gnu-tools-for-stm32.12.3.rel1.win32_1.0.200.202406191623/tools/bin/../lib/gcc/arm-none-eabi/12.3.1/thumb/v7-m/nofp\libgcc.a

.debug_info     0x00000000     0x99d4
 .debug_info    0x00000000     0x12bb ./Core/Src/main.o
 .debug_info    0x000012bb      0xe11 ./Core/Src/stm32l1xx_hal_msp.o
 .debug_info    0x000020cc      0x6d5 ./Core/Src/stm32l1xx_it.o
 .debug_info    0x000027a1      0x27c ./Core/Src/system_stm32l1xx.o
 .debug_info    0x00002a1d       0x30 ./Core/Startup/startup_stm32l152retx.o
 .debug_info    0x00002a4d      0x6ef ./Drivers/STM32L1xx_HAL_Driver/Src/stm32l1xx_hal.o
 .debug_info    0x0000313c      0xcb0 ./Drivers/STM32L1xx_HAL_Driver/Src/stm32l1xx_hal_cortex.o
 .debug_info    0x00003dec      0x5b2 ./Drivers/STM32L1xx_HAL_Driver/Src/stm32l1xx_hal_gpio.o
 .debug_info    0x0000439e      0x991 ./Drivers/STM32L1xx_HAL_Driver/Src/stm32l1xx_hal_rcc.o
 .debug_info    0x00004d2f     0x15af ./Drivers/STM32L1xx_HAL_Driver/Src/stm32l1xx_hal_spi.o
 .debug_info    0x000062de     0x27af ./Drivers/STM32L1xx_HAL_Driver/Src/stm32l1xx_hal_tim.o
 .debug_info    0x00008a8d      0x6a8 ./Drivers/STM32L1xx_HAL_Driver/Src/stm32l1xx_hal_tim_ex.o
 .debug_info    0x00009135      0x89f ./Drivers/display/max7219_Yncrea2.o

.debug_abbrev   0x00000000     0x1a86
 .debug_abbrev  0x00000000      0x32f ./Core/Src/main.o
 .debug_abbrev  0x0000032f      0x1bb ./Core/Src/stm32l1xx_hal_msp.o
 .debug_abbrev  0x000004ea      0x18e ./Core/Src/stm32l1xx_it.o
 .debug_abbrev  0x00000678      0x11c ./Core/Src/system_stm32l1xx.o
 .debug_abbrev  0x00000794       0x24 ./Core/Startup/startup_stm32l152retx.o
 .debug_abbrev  0x000007b8      0x275 ./Drivers/STM32L1xx_HAL_Driver/Src/stm32l1xx_hal.o
 .debug_abbrev  0x00000a2d      0x327 ./Drivers/STM32L1xx_HAL_Driver/Src/stm32l1xx_hal_cortex.o
 .debug_abbrev  0x00000d54      0x1d4 ./Drivers/STM32L1xx_HAL_Driver/Src/stm32l1xx_hal_gpio.o
 .debug_abbrev  0x00000f28      0x2b8 ./Drivers/STM32L1xx_HAL_Driver/Src/stm32l1xx_hal_rcc.o
 .debug_abbrev  0x000011e0      0x284 ./Drivers/STM32L1xx_HAL_Driver/Src/stm32l1xx_hal_spi.o
 .debug_abbrev  0x00001464      0x25e ./Drivers/STM32L1xx_HAL_Driver/Src/stm32l1xx_hal_tim.o
 .debug_abbrev  0x000016c2      0x168 ./Drivers/STM32L1xx_HAL_Driver/Src/stm32l1xx_hal_tim_ex.o
 .debug_abbrev  0x0000182a      0x25c ./Drivers/display/max7219_Yncrea2.o

.debug_aranges  0x00000000      0xa88
 .debug_aranges
                0x00000000       0x50 ./Core/Src/main.o
 .debug_aranges
                0x00000050       0x48 ./Core/Src/stm32l1xx_hal_msp.o
 .debug_aranges
                0x00000098       0x78 ./Core/Src/stm32l1xx_it.o
 .debug_aranges
                0x00000110       0x28 ./Core/Src/system_stm32l1xx.o
 .debug_aranges
                0x00000138       0x28 ./Core/Startup/startup_stm32l152retx.o
 .debug_aranges
                0x00000160       0xe0 ./Drivers/STM32L1xx_HAL_Driver/Src/stm32l1xx_hal.o
 .debug_aranges
                0x00000240      0x118 ./Drivers/STM32L1xx_HAL_Driver/Src/stm32l1xx_hal_cortex.o
 .debug_aranges
                0x00000358       0x58 ./Drivers/STM32L1xx_HAL_Driver/Src/stm32l1xx_hal_gpio.o
 .debug_aranges
                0x000003b0       0x90 ./Drivers/STM32L1xx_HAL_Driver/Src/stm32l1xx_hal_rcc.o
 .debug_aranges
                0x00000440      0x1d0 ./Drivers/STM32L1xx_HAL_Driver/Src/stm32l1xx_hal_spi.o
 .debug_aranges
                0x00000610      0x3d0 ./Drivers/STM32L1xx_HAL_Driver/Src/stm32l1xx_hal_tim.o
 .debug_aranges
                0x000009e0       0x28 ./Drivers/STM32L1xx_HAL_Driver/Src/stm32l1xx_hal_tim_ex.o
 .debug_aranges
                0x00000a08       0x80 ./Drivers/display/max7219_Yncrea2.o

.debug_rnglists
                0x00000000      0x7ff
 .debug_rnglists
                0x00000000       0x3c ./Core/Src/main.o
 .debug_rnglists
                0x0000003c       0x33 ./Core/Src/stm32l1xx_hal_msp.o
 .debug_rnglists
                0x0000006f       0x55 ./Core/Src/stm32l1xx_it.o
 .debug_rnglists
                0x000000c4       0x1a ./Core/Src/system_stm32l1xx.o
 .debug_rnglists
                0x000000de       0x19 ./Core/Startup/startup_stm32l152retx.o
 .debug_rnglists
                0x000000f7       0xa3 ./Drivers/STM32L1xx_HAL_Driver/Src/stm32l1xx_hal.o
 .debug_rnglists
                0x0000019a       0xce ./Drivers/STM32L1xx_HAL_Driver/Src/stm32l1xx_hal_cortex.o
 .debug_rnglists
                0x00000268       0x3f ./Drivers/STM32L1xx_HAL_Driver/Src/stm32l1xx_hal_gpio.o
 .debug_rnglists
                0x000002a7       0x6d ./Drivers/STM32L1xx_HAL_Driver/Src/stm32l1xx_hal_rcc.o
 .debug_rnglists
                0x00000314      0x16f ./Drivers/STM32L1xx_HAL_Driver/Src/stm32l1xx_hal_spi.o
 .debug_rnglists
                0x00000483      0x307 ./Drivers/STM32L1xx_HAL_Driver/Src/stm32l1xx_hal_tim.o
 .debug_rnglists
                0x0000078a       0x1a ./Drivers/STM32L1xx_HAL_Driver/Src/stm32l1xx_hal_tim_ex.o
 .debug_rnglists
                0x000007a4       0x5b ./Drivers/display/max7219_Yncrea2.o

.debug_macro    0x00000000    0x16279
 .debug_macro   0x00000000      0x2d4 ./Core/Src/main.o
 .debug_macro   0x000002d4      0xaa8 ./Core/Src/main.o
 .debug_macro   0x00000d7c      0x10f ./Core/Src/main.o
 .debug_macro   0x00000e8b       0x2e ./Core/Src/main.o
 .debug_macro   0x00000eb9       0x22 ./Core/Src/main.o
 .debug_macro   0x00000edb       0x22 ./Core/Src/main.o
 .debug_macro   0x00000efd       0x8e ./Core/Src/main.o
 .debug_macro   0x00000f8b       0x51 ./Core/Src/main.o
 .debug_macro   0x00000fdc      0x103 ./Core/Src/main.o
 .debug_macro   0x000010df       0x6a ./Core/Src/main.o
 .debug_macro   0x00001149      0x1df ./Core/Src/main.o
 .debug_macro   0x00001328       0x1c ./Core/Src/main.o
 .debug_macro   0x00001344       0x22 ./Core/Src/main.o
 .debug_macro   0x00001366       0xbd ./Core/Src/main.o
 .debug_macro   0x00001423      0xe49 ./Core/Src/main.o
 .debug_macro   0x0000226c      0x11f ./Core/Src/main.o
 .debug_macro   0x0000238b     0xb56a ./Core/Src/main.o
 .debug_macro   0x0000d8f5       0x6d ./Core/Src/main.o
 .debug_macro   0x0000d962     0x34cc ./Core/Src/main.o
 .debug_macro   0x00010e2e      0x189 ./Core/Src/main.o
 .debug_macro   0x00010fb7       0x5b ./Core/Src/main.o
 .debug_macro   0x00011012      0xe37 ./Core/Src/main.o
 .debug_macro   0x00011e49      0x35b ./Core/Src/main.o
 .debug_macro   0x000121a4      0x1b8 ./Core/Src/main.o
 .debug_macro   0x0001235c       0xc5 ./Core/Src/main.o
 .debug_macro   0x00012421      0x21e ./Core/Src/main.o
 .debug_macro   0x0001263f      0x236 ./Core/Src/main.o
 .debug_macro   0x00012875      0x115 ./Core/Src/main.o
 .debug_macro   0x0001298a      0x567 ./Core/Src/main.o
 .debug_macro   0x00012ef1      0x1e9 ./Core/Src/main.o
 .debug_macro   0x000130da       0x22 ./Core/Src/main.o
 .debug_macro   0x000130fc      0x225 ./Core/Src/main.o
 .debug_macro   0x00013321      0x788 ./Core/Src/main.o
 .debug_macro   0x00013aa9       0xac ./Core/Src/main.o
 .debug_macro   0x00013b55      0x170 ./Core/Src/main.o
 .debug_macro   0x00013cc5      0x492 ./Core/Src/main.o
 .debug_macro   0x00014157       0x61 ./Core/Src/main.o
 .debug_macro   0x000141b8       0x24 ./Core/Src/main.o
 .debug_macro   0x000141dc       0x43 ./Core/Src/main.o
 .debug_macro   0x0001421f       0x34 ./Core/Src/main.o
 .debug_macro   0x00014253       0x16 ./Core/Src/main.o
 .debug_macro   0x00014269       0x35 ./Core/Src/main.o
 .debug_macro   0x0001429e      0x369 ./Core/Src/main.o
 .debug_macro   0x00014607       0x10 ./Core/Src/main.o
 .debug_macro   0x00014617       0x16 ./Core/Src/main.o
 .debug_macro   0x0001462d       0x43 ./Core/Src/main.o
 .debug_macro   0x00014670       0x34 ./Core/Src/main.o
 .debug_macro   0x000146a4       0x10 ./Core/Src/main.o
 .debug_macro   0x000146b4       0x58 ./Core/Src/main.o
 .debug_macro   0x0001470c       0x8e ./Core/Src/main.o
 .debug_macro   0x0001479a       0x1c ./Core/Src/main.o
 .debug_macro   0x000147b6      0x177 ./Core/Src/main.o
 .debug_macro   0x0001492d       0x16 ./Core/Src/main.o
 .debug_macro   0x00014943       0x16 ./Core/Src/main.o
 .debug_macro   0x00014959      0x146 ./Core/Src/main.o
 .debug_macro   0x00014a9f       0x16 ./Core/Src/main.o
 .debug_macro   0x00014ab5       0x16 ./Core/Src/main.o
 .debug_macro   0x00014acb       0x29 ./Core/Src/main.o
 .debug_macro   0x00014af4       0xfa ./Core/Src/main.o
 .debug_macro   0x00014bee      0x2d4 ./Core/Src/stm32l1xx_hal_msp.o
 .debug_macro   0x00014ec2      0x2de ./Core/Src/stm32l1xx_it.o
 .debug_macro   0x000151a0      0x1af ./Core/Src/system_stm32l1xx.o
 .debug_macro   0x0001534f      0x1d3 ./Drivers/STM32L1xx_HAL_Driver/Src/stm32l1xx_hal.o
 .debug_macro   0x00015522      0x1af ./Drivers/STM32L1xx_HAL_Driver/Src/stm32l1xx_hal_cortex.o
 .debug_macro   0x000156d1      0x1b6 ./Drivers/STM32L1xx_HAL_Driver/Src/stm32l1xx_hal_gpio.o
 .debug_macro   0x00015887      0x1c1 ./Drivers/STM32L1xx_HAL_Driver/Src/stm32l1xx_hal_rcc.o
 .debug_macro   0x00015a48      0x1be ./Drivers/STM32L1xx_HAL_Driver/Src/stm32l1xx_hal_spi.o
 .debug_macro   0x00015c06      0x1b0 ./Drivers/STM32L1xx_HAL_Driver/Src/stm32l1xx_hal_tim.o
 .debug_macro   0x00015db6      0x1af ./Drivers/STM32L1xx_HAL_Driver/Src/stm32l1xx_hal_tim_ex.o
 .debug_macro   0x00015f65      0x314 ./Drivers/display/max7219_Yncrea2.o

.debug_line     0x00000000     0xb6d1
 .debug_line    0x00000000      0xaff ./Core/Src/main.o
 .debug_line    0x00000aff      0x9d0 ./Core/Src/stm32l1xx_hal_msp.o
 .debug_line    0x000014cf      0xa14 ./Core/Src/stm32l1xx_it.o
 .debug_line    0x00001ee3      0x7d4 ./Core/Src/system_stm32l1xx.o
 .debug_line    0x000026b7       0x79 ./Core/Startup/startup_stm32l152retx.o
 .debug_line    0x00002730      0x9f7 ./Drivers/STM32L1xx_HAL_Driver/Src/stm32l1xx_hal.o
 .debug_line    0x00003127      0xcc2 ./Drivers/STM32L1xx_HAL_Driver/Src/stm32l1xx_hal_cortex.o
 .debug_line    0x00003de9      0xa6f ./Drivers/STM32L1xx_HAL_Driver/Src/stm32l1xx_hal_gpio.o
 .debug_line    0x00004858      0xefe ./Drivers/STM32L1xx_HAL_Driver/Src/stm32l1xx_hal_rcc.o
 .debug_line    0x00005756     0x1cd1 ./Drivers/STM32L1xx_HAL_Driver/Src/stm32l1xx_hal_spi.o
 .debug_line    0x00007427     0x3010 ./Drivers/STM32L1xx_HAL_Driver/Src/stm32l1xx_hal_tim.o
 .debug_line    0x0000a437      0x806 ./Drivers/STM32L1xx_HAL_Driver/Src/stm32l1xx_hal_tim_ex.o
 .debug_line    0x0000ac3d      0xa94 ./Drivers/display/max7219_Yncrea2.o

.debug_str      0x00000000    0x8b0be
 .debug_str     0x00000000    0x88f1e ./Core/Src/main.o
                              0x8928e (size before relaxing)
 .debug_str     0x00088f1e       0xb2 ./Core/Src/stm32l1xx_hal_msp.o
                              0x88ec8 (size before relaxing)
 .debug_str     0x00088fd0      0x12d ./Core/Src/stm32l1xx_it.o
                              0x888d6 (size before relaxing)
 .debug_str     0x000890fd       0x99 ./Core/Src/system_stm32l1xx.o
                              0x84891 (size before relaxing)
 .debug_str     0x00089196       0x44 ./Core/Startup/startup_stm32l152retx.o
                                 0x8e (size before relaxing)
 .debug_str     0x000891da      0x307 ./Drivers/STM32L1xx_HAL_Driver/Src/stm32l1xx_hal.o
                              0x84fb6 (size before relaxing)
 .debug_str     0x000894e1      0x3b3 ./Drivers/STM32L1xx_HAL_Driver/Src/stm32l1xx_hal_cortex.o
                              0x85090 (size before relaxing)
 .debug_str     0x00089894       0xcf ./Drivers/STM32L1xx_HAL_Driver/Src/stm32l1xx_hal_gpio.o
                              0x84a24 (size before relaxing)
 .debug_str     0x00089963      0x281 ./Drivers/STM32L1xx_HAL_Driver/Src/stm32l1xx_hal_rcc.o
                              0x84d4d (size before relaxing)
 .debug_str     0x00089be4      0x59d ./Drivers/STM32L1xx_HAL_Driver/Src/stm32l1xx_hal_spi.o
                              0x851b9 (size before relaxing)
 .debug_str     0x0008a181      0xcfa ./Drivers/STM32L1xx_HAL_Driver/Src/stm32l1xx_hal_tim.o
                              0x85b84 (size before relaxing)
 .debug_str     0x0008ae7b       0x57 ./Drivers/STM32L1xx_HAL_Driver/Src/stm32l1xx_hal_tim_ex.o
                              0x84d39 (size before relaxing)
 .debug_str     0x0008aed2      0x1ec ./Drivers/display/max7219_Yncrea2.o
                              0x8899b (size before relaxing)

.comment        0x00000000       0x43
 .comment       0x00000000       0x43 ./Core/Src/main.o
                                 0x44 (size before relaxing)
 .comment       0x00000043       0x44 ./Core/Src/stm32l1xx_hal_msp.o
 .comment       0x00000043       0x44 ./Core/Src/stm32l1xx_it.o
 .comment       0x00000043       0x44 ./Core/Src/system_stm32l1xx.o
 .comment       0x00000043       0x44 ./Drivers/STM32L1xx_HAL_Driver/Src/stm32l1xx_hal.o
 .comment       0x00000043       0x44 ./Drivers/STM32L1xx_HAL_Driver/Src/stm32l1xx_hal_cortex.o
 .comment       0x00000043       0x44 ./Drivers/STM32L1xx_HAL_Driver/Src/stm32l1xx_hal_gpio.o
 .comment       0x00000043       0x44 ./Drivers/STM32L1xx_HAL_Driver/Src/stm32l1xx_hal_rcc.o
 .comment       0x00000043       0x44 ./Drivers/STM32L1xx_HAL_Driver/Src/stm32l1xx_hal_spi.o
 .comment       0x00000043       0x44 ./Drivers/STM32L1xx_HAL_Driver/Src/stm32l1xx_hal_tim.o
 .comment       0x00000043       0x44 ./Drivers/STM32L1xx_HAL_Driver/Src/stm32l1xx_hal_tim_ex.o
 .comment       0x00000043       0x44 ./Drivers/display/max7219_Yncrea2.o

.debug_frame    0x00000000     0x2b68
 .debug_frame   0x00000000       0xf4 ./Core/Src/main.o
 .debug_frame   0x000000f4       0xec ./Core/Src/stm32l1xx_hal_msp.o
 .debug_frame   0x000001e0      0x158 ./Core/Src/stm32l1xx_it.o
 .debug_frame   0x00000338       0x58 ./Core/Src/system_stm32l1xx.o
 .debug_frame   0x00000390      0x33c ./Drivers/STM32L1xx_HAL_Driver/Src/stm32l1xx_hal.o
 .debug_frame   0x000006cc      0x498 ./Drivers/STM32L1xx_HAL_Driver/Src/stm32l1xx_hal_cortex.o
 .debug_frame   0x00000b64      0x14c ./Drivers/STM32L1xx_HAL_Driver/Src/stm32l1xx_hal_gpio.o
 .debug_frame   0x00000cb0      0x224 ./Drivers/STM32L1xx_HAL_Driver/Src/stm32l1xx_hal_rcc.o
 .debug_frame   0x00000ed4      0x824 ./Drivers/STM32L1xx_HAL_Driver/Src/stm32l1xx_hal_spi.o
 .debug_frame   0x000016f8     0x11b4 ./Drivers/STM32L1xx_HAL_Driver/Src/stm32l1xx_hal_tim.o
 .debug_frame   0x000028ac       0x60 ./Drivers/STM32L1xx_HAL_Driver/Src/stm32l1xx_hal_tim_ex.o
 .debug_frame   0x0000290c      0x1b0 ./Drivers/display/max7219_Yncrea2.o
 .debug_frame   0x00002abc       0x20 C:/ST/STM32CubeIDE_1.16.0/STM32CubeIDE/plugins/com.st.stm32cube.ide.mcu.externaltools.gnu-tools-for-stm32.12.3.rel1.win32_1.0.200.202406191623/tools/bin/../lib/gcc/arm-none-eabi/12.3.1/../../../../arm-none-eabi/lib/thumb/v7-m/nofp\libc_nano.a(libc_a-memset.o)
 .debug_frame   0x00002adc       0x2c C:/ST/STM32CubeIDE_1.16.0/STM32CubeIDE/plugins/com.st.stm32cube.ide.mcu.externaltools.gnu-tools-for-stm32.12.3.rel1.win32_1.0.200.202406191623/tools/bin/../lib/gcc/arm-none-eabi/12.3.1/../../../../arm-none-eabi/lib/thumb/v7-m/nofp\libc_nano.a(libc_a-init.o)
 .debug_frame   0x00002b08       0x2c C:/ST/STM32CubeIDE_1.16.0/STM32CubeIDE/plugins/com.st.stm32cube.ide.mcu.externaltools.gnu-tools-for-stm32.12.3.rel1.win32_1.0.200.202406191623/tools/bin/../lib/gcc/arm-none-eabi/12.3.1/thumb/v7-m/nofp\libgcc.a(_aeabi_uldivmod.o)
 .debug_frame   0x00002b34       0x34 C:/ST/STM32CubeIDE_1.16.0/STM32CubeIDE/plugins/com.st.stm32cube.ide.mcu.externaltools.gnu-tools-for-stm32.12.3.rel1.win32_1.0.200.202406191623/tools/bin/../lib/gcc/arm-none-eabi/12.3.1/thumb/v7-m/nofp\libgcc.a(_udivmoddi4.o)

.debug_line_str
                0x00000000       0x72
 .debug_line_str
                0x00000000       0x72 ./Core/Startup/startup_stm32l152retx.o
