C:\ST\STM32CubeIDE_1.16.0\STM32CubeIDE\plugins\com.st.stm32cube.ide.mcu.externaltools.gnu-tools-for-stm32.12.3.rel1.win32_1.0.200.202406191623\tools\arm-none-eabi\include\c++\12.3.1\arm-none-eabi\thumb\v7-m\nofp\bits\gthr-default.h:229:1:int __gthread_key_delete(__gthread_key_t)	16	static
../Core/cpp/mainhpp.hpp:27:5:A::A()	16	static
../Core/cpp/mainhpp.hpp:32:10:void A::hello()	16	static
../Core/cpp/mainhpp.hpp:37:5:A::~A()	16	static
../Core/cpp/maincpp.cpp:9:6:void main_cpp()	16	static
../Core/cpp/maincpp.cpp:18:1:void __static_initialization_and_destruction_0(int, int)	16	static
../Core/cpp/maincpp.cpp:18:1:cpp)	8	static
../Core/cpp/maincpp.cpp:18:1:cpp)	8	static
